Starting Automatex Backend API Tests
Base URL: https://social-sync-ai-1.preview.emergentagent.com/api
Session Token: test_session_1779636...
============================================================

1. Testing Health Check...
✅ PASS: Health check
  Details: Response: {'app': 'Automatex', 'status': 'ok'}

2. Testing Auth Endpoints...
✅ PASS: Auth /me with token
  Details: User: Test User
✅ PASS: Auth /me without token (401)
  Details: Correctly rejected

3. Testing Leads Endpoints...
✅ PASS: Create lead (public)
  Details: Lead ID: 4f3c6b17-1519-487a-bd39-c9686a8be054
✅ PASS: List leads
  Details: Found 0 leads

4. Testing AI Endpoints (LLM calls - will take time)...
  ⏳ Calling LLM for SEO review (may take 10-30s)...
✅ PASS: AI SEO Review
  Details: Score: 30, Issues: 5
  ⏳ Calling LLM for site scan (may take 10-30s)...
✅ PASS: AI Site Scan
  Details: Summary length: 232
  ⏳ Calling LLM for insights (may take 10-30s)...
✅ PASS: AI Insights
  Details: Keys: ['insights', 'trends', 'action_plan']
  ⏳ Calling LLM for post generation (may take 10-30s)...
✅ PASS: AI Generate Post
  Details: Caption length: 445

5. Testing Channels Endpoints...
✅ PASS: List channels
  Details: All 6 platforms present
✅ PASS: Connect channel
  Details: Handle: @test_user
✅ PASS: Publish post
  Details: Post ID: ab8cd5a8-9f4f-4ecd-91bc-06becc4a3055
✅ PASS: List posts
  Details: Found 1 posts
✅ PASS: Disconnect channel

6. Testing Dashboard Endpoints...
✅ PASS: List reports
  Details: Found 2 reports
✅ PASS: Dashboard stats
  Details: Stats: {'posts': 1, 'reports': 2, 'channels': 0, 'leads': 0}

7. Testing Logout...
✅ PASS: Logout

============================================================
TEST SUMMARY
============================================================
✅ Passed: 17
❌ Failed: 0
⚠️  Warnings: 0
============================================================
